[run_teb] Starting pipeline at Mon Mar 23 03:25:06 PM IST 2026
[run_teb] Workspace: /home/psquarlab4/Desktop/teb1
[run_teb] Log file: /home/psquarlab4/Desktop/teb1/outputs/logs/teb_run_20260323_152506.log

================================================================================
  PDL-GAT v6 — Divergence Rescue on Stressed Operating Points
  Self-supervised transformer warm-start for Newton-Raphson
================================================================================
  Output directory: /home/psquarlab4/Desktop/teb1/outputs
  Loading data from pandapower: case118
  System: 118 buses, 53 generators, 99 loads
  Base MVA: 100, Slack: 68, PV: 53, PQ: 64

  Memory-safe config for case118: 
    n_train=7000, n_test=1400, batch=512, chunk=256, nn_sup=1200, sweep=350x7, model={'d_model': 56, 'n_heads': 4, 'n_layers_primal': 4, 'n_layers_dual': 2}

  Loading PGLIB-OPF API file for case118...
  PGLIB cache hit: /home/psquarlab4/Desktop/teb1/pglib_cache/pglib_opf_case118_ieee__api.m
  Parsed MATPOWER file: 118 buses, 54 gens, 186 branches
  baseMVA = 100.0

================================================================================
  DIVERGENCE RESCUE EXPERIMENT: IEEE118
================================================================================

  CONFIG:
  - Architecture: GAT + Global Attention (same as c5)
  - Adaptive ρ: init=1, max=500, α=1.2, τ=0.9, warmup=15, freq=3
  - Pre-training: 15 iters penalty-only at ρ=10
  - Training data: 7000 mixed (50% normal + 25% synth + 25% API)
  - Test data: 1400 PGLIB API-derived stressed scenarios
  - NR max iterations: 30
  - Train batch size: 512, accum steps: 8
  - Inference chunk size: 256
  - Stress sweep samples per level: 350
  - Data source: PGLIB-OPF API tier (Active Power Increase)
  - Normal NN baseline: supervised MSE on NR labels
  Device: cuda
  System: 118 buses, 53 gens

  Generating 7000 mixed training samples (incl. PGLIB API-derived)...
  Initialising PDL-GAT v6 model...
  Pre-training: 15 iters, penalty-only at ρ=10.0
    pre-train iter  5: max_viol=8.5515e+00 p.u., ρ_pre=10.0
    pre-train iter 10: max_viol=8.0437e+00 p.u., ρ_pre=10.0
    pre-train iter 15: max_viol=8.3589e+00 p.u., ρ_pre=10.0
  Pre-training done in 23.0s

  PDL training (threshold: 0.0001 p.u.)...
--------------------------------------------------------------------------------
  Iter   1: Max Viol=8.581297e+00 p.u., ρ=1.0
  Iter   6: Max Viol=8.322516e+00 p.u., ρ=1.0
  Iter  11: Max Viol=7.541510e+00 p.u., ρ=1.0
  Iter  16: Max Viol=7.529696e+00 p.u., ρ=1.0
  Iter  21: Max Viol=7.660888e+00 p.u., ρ=1.2
  Iter  26: Max Viol=7.673667e+00 p.u., ρ=1.4
  Iter  31: Max Viol=7.636647e+00 p.u., ρ=2.1
  Iter  36: Max Viol=8.013422e+00 p.u., ρ=3.0
  Iter  41: Max Viol=8.077134e+00 p.u., ρ=3.6
  Iter  46: Max Viol=7.999988e+00 p.u., ρ=5.2
  Iter  51: Max Viol=7.896466e+00 p.u., ρ=7.4
  Iter  56: Max Viol=8.187854e+00 p.u., ρ=8.9
  Iter  61: Max Viol=8.125681e+00 p.u., ρ=12.8
  Iter  66: Max Viol=8.151412e+00 p.u., ρ=18.5
  Iter  71: Max Viol=8.196630e+00 p.u., ρ=22.2
  Iter  76: Max Viol=8.415019e+00 p.u., ρ=31.9

  Training done: 80 iters in 3366.6s (+23.0s pre-train = 3389.6s)
  Final violation: 8.3952e+00 p.u., final ρ: 38.3

  Building supervised NR labels for normal NN baseline...
    NN epoch  10/36: mse=4.9439e-02
    NN epoch  20/36: mse=3.1631e-02
    NN epoch  30/36: mse=2.0296e-02
    NN epoch  36/36: mse=1.4459e-02
  Normal NN baseline trained on 1117 samples in 0.2s

================================================================================
  STRESSED TEST SET: 1400 PGLIB API-derived scenarios
================================================================================

  API test avg total P: 55.4813 p.u. (~1.31x base load)
  Running NR flat-start on 1400 stressed points...
  NR flat-start: 1400/1400 converged, 0 DIVERGED (0.0%)
  NR flat-start total time: 50.4s

  Running PDL inference...
  PDL inference: 111.7 ms (0.0798 ms/sample)
  PDL max violations: P=1.0036e+00, Q=7.7090e-01

  Running PDL warm-start + NR on 1400 stressed points...
  PDL warm-start + NR: 1400/1400 converged, 0 diverged
  PDL warm-start + NR total time: 52.4s

  Running normal NN inference...
  Normal NN inference: 11.7 ms (0.0084 ms/sample)

  Running normal NN warm-start + NR on 1400 points...
  Normal NN warm-start + NR: 1400/1400 converged, 0 diverged
  Normal NN warm-start + NR total time: 52.4s

  Running DCOPF on each stressed point for theta warm-start...
  DCOPF solved: 1400/1400 (100.0%)
  DCOPF total time: 79.2s

  Running DCOPF-theta warm-start + NR on 1400 stressed points...
  DCOPF-theta warm-start + NR: 1400/1400 converged, 0 diverged
  DCOPF-theta warm-start + NR total time: 54.0s

================================================================================
  DIVERGENCE RESCUE RESULTS — IEEE118
================================================================================

  Total stressed test points:        1400
  NR flat-start converged:           1400 (100.0%)
  NR flat-start DIVERGED:            0 (0.0%)
  PDL warm-start + NR converged:     1400 (100.0%)
  NN warm-start + NR converged:      1400 (100.0%)
  DCOPF-theta warm-start + NR conv:  1400 (100.0%)

  Both converged:                    1400
  *** RESCUED by PDL warm-start:     0 ***
  *** RESCUED by NN warm-start:      0 ***
  *** RESCUED by DCOPF-theta warm:   0 ***
  Both diverged:                     0
  Flat OK but warm diverged:         0
  Flat OK but NN warm diverged:      0
  Flat OK but DCOPF warm diverged:   0

  ╔═══════════════════════════════════════════════════════════╗
  ║  PDL WARM-START RESCUES   0.0% OF NR-DIVERGENT CASES     ║
  ║  (0 out of 0 divergent points)                               ║
  ╚═══════════════════════════════════════════════════════════╝
  NN warm-start rescue rate:         0.0%
  DCOPF-theta rescue rate:           0.0%

  Iteration reduction (both-converged subset):
    NR flat avg iters:  4.17
    PDL warm avg iters: 4.00
    Reduction:          4.2%

  Accuracy vs NR (both-converged subset, 1400 pts):
    Voltage MSE:  1.0897e-05 p.u.²
    Angle MSE:    6.2176e+02 deg²

================================================================================
  CONVERGENCE VS STRESS LEVEL SWEEP
================================================================================

  API load × 0.6 ...
    NR flat: 100.0%   PDL warm: 100.0%   Rescue margin: +0.0pp
  API load × 0.7 ...
    NR flat: 100.0%   PDL warm: 100.0%   Rescue margin: +0.0pp
  API load × 0.8 ...
    NR flat: 100.0%   PDL warm: 100.0%   Rescue margin: +0.0pp
  API load × 0.9 ...
    NR flat: 100.0%   PDL warm: 100.0%   Rescue margin: +0.0pp
  API load × 1.0 ...
    NR flat: 100.0%   PDL warm: 100.0%   Rescue margin: +0.0pp
  API load × 1.1 ...
    NR flat: 82.9%   PDL warm: 100.0%   Rescue margin: +17.1pp
  API load × 1.2 ...
    NR flat: 0.0%   PDL warm: 100.0%   Rescue margin: +100.0pp

================================================================================
  TRACTABILITY SNAPSHOT (BASE + VARIATION)
================================================================================

  Base case: NR flat=True | PDL warm=True | DCOPF warm=True
