[run_teb] Starting pipeline at Thursday 18 June 2026 11:06:27 AM IST
[run_teb] Workspace: /home/psquare_llm/TEB1_swastic/PDL
[run_teb] Log file: /home/psquare_llm/TEB1_swastic/PDL/outputs/logs/teb_run_20260618_110627.log

================================================================================
  PDL-GAT v6 — Divergence Rescue on Stressed Operating Points
  Self-supervised transformer warm-start for Newton-Raphson
================================================================================
  Output directory: /home/psquare_llm/TEB1_swastic/PDL/outputs
  Loading data from pandapower: case300
  System: 300 buses, 68 generators, 193 loads
  Base MVA: 100, Slack: 256, PV: 68, PQ: 231

  Memory-safe config for case300: 
    n_train=7000, n_test=800, batch=384, chunk=256, nn_sup=1200, sweep=300x7, model={'d_model': 64, 'n_heads': 4, 'n_layers_primal': 4, 'n_layers_dual': 2}

  Loading PGLIB-OPF API file for case300...
  PGLIB cache hit: /home/psquare_llm/TEB1_swastic/PDL/pglib_cache/pglib_opf_case300_ieee__api.m
  Parsed MATPOWER file: 300 buses, 69 gens, 411 branches
  baseMVA = 100.0
There are 13 branches which are considered as trafos - due to ratio unequal 0 or 1 - but connect same voltage levels.
  Global RNG seed set to 42

================================================================================
  DIVERGENCE RESCUE EXPERIMENT: IEEE300
================================================================================

  CONFIG:
  - Architecture: GAT + Global Attention (same as c5)
  - Adaptive ρ: init=1, max=500, α=1.2, τ=0.9, warmup=15, freq=3
  - Pre-training: 12 iters penalty-only at ρ=10
  - Training data: 7000 mixed (50% normal + 25% synth + 25% API)
  - Test data: 800 PGLIB API-derived stressed scenarios
  - NR max iterations: 30
  - Train batch size: 384, accum steps: 8
  - Inference chunk size: 256
  - Stress sweep samples per level: 300
  - Data source: PGLIB-OPF API tier (Active Power Increase)
  - Normal NN baseline: supervised MSE on NR labels
  Device: cuda
  System: 300 buses, 68 gens

  Curriculum phases: 1
    1. hard range=(1.2, 1.8), api_var=0.2 iters=90
  Initialising PDL-GAT v6 model...

  Generating 7000 training samples for phase 'hard'...
  Pre-training: 12 iters, penalty-only at ρ=10.0
    pre-train iter  5: max_viol=3.6181e+01 p.u., ρ_pre=10.0
    pre-train iter 10: max_viol=4.1688e+01 p.u., ρ_pre=10.0
    pre-train iter 12: max_viol=3.5089e+01 p.u., ρ_pre=10.0
  Pre-training done in 37.0s
  PDL training phase 'hard' (threshold: 0.0001 p.u.)...
--------------------------------------------------------------------------------
  Iter   1: Max Viol=3.041797e+01 p.u., ρ=1.0
  Iter   6: Max Viol=3.219902e+01 p.u., ρ=1.0
  Iter  11: Max Viol=3.371530e+01 p.u., ρ=1.0
