[run_teb] Starting pipeline at Sun May 24 04:39:17 PM IST 2026
[run_teb] Workspace: /home/psquarlab4/Desktop/teb1
[run_teb] Log file: /home/psquarlab4/Desktop/teb1/outputs/logs/teb_run_20260524_163917.log

================================================================================
  PDL-GAT v6 — Divergence Rescue on Stressed Operating Points
  Self-supervised transformer warm-start for Newton-Raphson
================================================================================
  Output directory: /home/psquarlab4/Desktop/teb1/outputs
  Loading data from pandapower: case39
  System: 39 buses, 9 generators, 21 loads
  Base MVA: 100, Slack: 30, PV: 9, PQ: 29

  Memory-safe config for case39: 
    n_train=10000, n_test=2000, batch=1024, chunk=512, nn_sup=1500, sweep=500x7, model={'d_model': 64, 'n_heads': 4, 'n_layers_primal': 4, 'n_layers_dual': 2}

  Loading PGLIB-OPF API file for case39...
  PGLIB cache hit: /home/psquarlab4/Desktop/teb1/pglib_cache/pglib_opf_case39_epri__api.m
  Parsed MATPOWER file: 39 buses, 10 gens, 46 branches
  baseMVA = 100.0
There are 11 branches which are considered as trafos - due to ratio unequal 0 or 1 - but connect same voltage levels.

================================================================================
  DIVERGENCE RESCUE EXPERIMENT: IEEE39
================================================================================

  CONFIG:
  - Architecture: GAT + Global Attention (same as c5)
  - Adaptive ρ: init=1, max=500, α=1.2, τ=0.9, warmup=15, freq=3
  - Pre-training: 15 iters penalty-only at ρ=10
  - Training data: 10000 curriculum (normal → mild stress → mixed → hard)
  - Test data: 2000 PGLIB API-derived stressed scenarios
  - NR max iterations: 30
  - Train batch size: 1024, accum steps: 10
  - Inference chunk size: 512
  - Stress sweep samples per level: 500
  - Data source: PGLIB-OPF API tier (Active Power Increase)
  - Post-train hard-mining: retrain on NR-failed training points
  - Normal NN baseline: supervised MSE on NR labels
  Device: cuda
  System: 39 buses, 9 gens

  Generating 10000 curriculum training samples...
    Stage 1: stage1_normal with 2500 samples
    Stage 2: stage2_mild_stress with 2500 samples
    Stage 3: stage3_balanced_mix with 3000 samples
    Stage 4: stage4_hard_stress with 2000 samples
  Initialising PDL-GAT v6 model...
  Pre-training: 15 iters, penalty-only at ρ=10.0
    pre-train iter  5: max_viol=1.3168e+01 p.u., ρ_pre=10.0
    pre-train iter 10: max_viol=7.2601e+00 p.u., ρ_pre=10.0
    pre-train iter 15: max_viol=6.5460e+00 p.u., ρ_pre=10.0
  Pre-training done in 2.0s

  PDL curriculum training (final threshold: 0.0001 p.u.)...
--------------------------------------------------------------------------------
  Curriculum stage 1/4: stage1_normal (n=2500, budget=20, thr=1.0e-03)
  Iter   1: Stage=stage1_normal, Max Viol=5.963395e+00 p.u., ρ=1.0
  Iter   5: Stage=stage1_normal, Max Viol=4.718754e+00 p.u., ρ=1.0
  Iter  10: Stage=stage1_normal, Max Viol=5.368145e+00 p.u., ρ=1.0
  Iter  15: Stage=stage1_normal, Max Viol=5.217803e+00 p.u., ρ=1.0
  Iter  20: Stage=stage1_normal, Max Viol=5.401050e+00 p.u., ρ=1.0
  Curriculum stage 2/4: stage2_mild_stress (n=2500, budget=25, thr=5.0e-04)
  Iter  21: Stage=stage2_mild_stress, Max Viol=2.486178e+01 p.u., ρ=1.2
  Iter  25: Stage=stage2_mild_stress, Max Viol=2.263512e+01 p.u., ρ=1.4
  Iter  30: Stage=stage2_mild_stress, Max Viol=1.798937e+01 p.u., ρ=1.7
  Iter  35: Stage=stage2_mild_stress, Max Viol=1.667622e+01 p.u., ρ=2.1
  Iter  40: Stage=stage2_mild_stress, Max Viol=1.808147e+01 p.u., ρ=3.0
  Iter  45: Stage=stage2_mild_stress, Max Viol=1.780737e+01 p.u., ρ=4.3
  Curriculum stage 3/4: stage3_balanced_mix (n=3000, budget=30, thr=2.0e-04)
  Iter  46: Stage=stage3_balanced_mix, Max Viol=2.246359e+01 p.u., ρ=4.3
  Iter  50: Stage=stage3_balanced_mix, Max Viol=2.236293e+01 p.u., ρ=5.2
  Iter  55: Stage=stage3_balanced_mix, Max Viol=2.138704e+01 p.u., ρ=7.4
  Iter  60: Stage=stage3_balanced_mix, Max Viol=1.913229e+01 p.u., ρ=10.7
  Iter  65: Stage=stage3_balanced_mix, Max Viol=1.870001e+01 p.u., ρ=12.8
  Iter  70: Stage=stage3_balanced_mix, Max Viol=1.893763e+01 p.u., ρ=18.5
  Iter  75: Stage=stage3_balanced_mix, Max Viol=1.748587e+01 p.u., ρ=26.6
  Curriculum stage 4/4: stage4_hard_stress (n=2000, budget=25, thr=1.0e-04)
  Iter  76: Stage=stage4_hard_stress, Max Viol=3.547046e+01 p.u., ρ=26.6
  Iter  80: Stage=stage4_hard_stress, Max Viol=3.454521e+01 p.u., ρ=31.9
  Iter  85: Stage=stage4_hard_stress, Max Viol=3.413217e+01 p.u., ρ=46.0
  Iter  90: Stage=stage4_hard_stress, Max Viol=3.073144e+01 p.u., ρ=55.2
  Iter  95: Stage=stage4_hard_stress, Max Viol=2.934393e+01 p.u., ρ=66.2
  Iter 100: Stage=stage4_hard_stress, Max Viol=3.112168e+01 p.u., ρ=95.4

  Mining NR-failed samples from curriculum pool (10000 points)...
  Hard-mining retrain: 3963 failed points, 20 iters
    hard-retrain iter  1/20: max_viol=1.910521e+01, ρ=95.4
    hard-retrain iter  4/20: max_viol=1.865455e+01, ρ=95.4
    hard-retrain iter  7/20: max_viol=1.789915e+01, ρ=114.5
    hard-retrain iter 10/20: max_viol=1.971646e+01, ρ=137.4
    hard-retrain iter 13/20: max_viol=1.881275e+01, ρ=164.8
    hard-retrain iter 16/20: max_viol=1.833107e+01, ρ=197.8
    hard-retrain iter 19/20: max_viol=1.783025e+01, ρ=237.4
    hard-retrain iter 20/20: max_viol=1.745003e+01, ρ=284.9

  Training done: 100 iters in 282.0s (+2.0s pre-train + 544.0s hard-mining = 827.9s)
  Final violation: 1.7450e+01 p.u., final ρ: 284.9
  NR-failed training samples: 3963/10000
  Hard-mining retrain time: 63.9s

  Building supervised NR labels for normal NN baseline...
    NN epoch  10/40: mse=3.2692e-02
    NN epoch  20/40: mse=7.7537e-03
    NN epoch  30/40: mse=7.1866e-03
    NN epoch  40/40: mse=3.6023e-03
  Normal NN baseline trained on 933 samples in 0.2s

================================================================================
  STRESSED TEST SET: 2000 PGLIB API-derived scenarios
================================================================================

  API test avg total P: 102.0472 p.u. (~1.63x base load)
  Running NR flat-start on 2000 stressed points...
  NR flat-start: 55/2000 converged, 1945 DIVERGED (97.2%)
  NR flat-start total time: 133.2s

  Running PDL inference...
  PDL inference: 39.6 ms (0.0198 ms/sample)
  PDL max violations: P=4.5451e+00, Q=3.1496e+00

  Running PDL warm-start + NR on 2000 stressed points...
  PDL warm-start + NR: 253/2000 converged, 1747 diverged
  PDL warm-start + NR total time: 128.3s

  Running normal NN inference...
  Normal NN inference: 9.8 ms (0.0049 ms/sample)

  Running normal NN warm-start + NR on 2000 points...
  Normal NN warm-start + NR: 55/2000 converged, 1945 diverged
  Normal NN warm-start + NR total time: 135.1s

  Running DCPF on each stressed point for theta warm-start...
  DCPF solved: 2000/2000 (100.0%)
  DCPF total time: 55.8s

  Running DCPF-theta warm-start + NR on 2000 stressed points...
  DCPF-theta warm-start + NR: 55/2000 converged, 1945 diverged
  DCPF-theta warm-start + NR total time: 134.7s

================================================================================
  DIVERGENCE RESCUE RESULTS — IEEE39
================================================================================

  Total stressed test points:        2000
  NR flat-start converged:           55 (2.8%)
  NR flat-start DIVERGED:            1945 (97.2%)
  PDL warm-start + NR converged:     253 (12.7%)
  NN warm-start + NR converged:      55 (2.8%)
  DCPF-theta warm-start + NR conv:  55 (2.8%)

  Both converged:                    55
  *** RESCUED by PDL warm-start:     198 ***
  *** RESCUED by NN warm-start:      0 ***
  *** RESCUED by DCPF-theta warm:    0 ***
  Both diverged:                     1747
  Flat OK but warm diverged:         0
  Flat OK but NN warm diverged:      0
  Flat OK but DCPF warm diverged:    0

  ╔═══════════════════════════════════════════════════════════╗
  ║  PDL WARM-START RESCUES  10.2% OF NR-DIVERGENT CASES     ║
  ║  (198 out of 1945 divergent points)                          ║
  ╚═══════════════════════════════════════════════════════════╝
  NN warm-start rescue rate:         0.0%
  DCPF-theta rescue rate:            0.0%

  Iteration reduction (both-converged subset):
    NR flat avg iters:  5.69
    PDL warm avg iters: 4.05
    Reduction:          28.8%

  Accuracy vs NR (both-converged subset, 55 pts):
    Voltage MSE:  3.2239e-04 p.u.²
    Angle MSE:    2.0220e+02 deg²

================================================================================
  CONVERGENCE VS STRESS LEVEL SWEEP
================================================================================

  API load × 0.6 ...
    NR flat: 100.0%   PDL warm: 100.0%   Rescue margin: +0.0pp
  API load × 0.7 ...
    NR flat: 100.0%   PDL warm: 100.0%   Rescue margin: +0.0pp
  API load × 0.8 ...
    NR flat: 37.6%   PDL warm: 100.0%   Rescue margin: +62.4pp
  API load × 0.9 ...
    NR flat: 0.0%   PDL warm: 36.4%   Rescue margin: +36.4pp
  API load × 1.0 ...
    NR flat: 0.0%   PDL warm: 0.0%   Rescue margin: +0.0pp
  API load × 1.1 ...
    NR flat: 0.0%   PDL warm: 0.0%   Rescue margin: +0.0pp
  API load × 1.2 ...
    NR flat: 0.0%   PDL warm: 0.0%   Rescue margin: +0.0pp

================================================================================
  TRACTABILITY SNAPSHOT (BASE + VARIATION)
================================================================================

  Base case: NR flat=False | PDL warm=False | DCPF warm=False
  Variation 0.10: NR flat=4.2% | PDL warm=15.0% | margin=+10.8pp
  Variation 0.15: NR flat=2.5% | PDL warm=4.2% | margin=+1.7pp
  Variation 0.20: NR flat=1.7% | PDL warm=10.8% | margin=+9.2pp
  Saved outputs: /home/psquarlab4/Desktop/teb1/outputs/case39_20260524_171153

  IEEE39: COMPLETED



==========================================================================================
  CROSS-CASE COMPARISON: DIVERGENCE RESCUE SUMMARY
==========================================================================================

  Case         Test Pts   NR Div  NR Div%  PDL Res    PDL %   NN Res     NN %   DC Res     DC %  PDL Conv%  NN Conv%  DC Conv%  Train (s)
  ------------------------------------------------------------------------------------------------------------------------
  IEEE39           2000     1945    97.2%      198    10.2%        0     0.0%        0     0.0%      12.7%      2.8%      2.8%      827.9

  NARRATIVE:
  • IEEE39: NR diverges on 97.2% of stressed points. PDL warm-start rescues 10.2% of those, NN warm-start rescues 0.0%, while DCPF-theta warm-start rescues 0.0%.


================================================================================
  ALL DONE
================================================================================

══════════════════════════════════════════════════════════════════════
  Beautiful Plots for PDL-GAT v6 Divergence Rescue Results
══════════════════════════════════════════════════════════════════════

  NOTE: Run this AFTER c6.py in the same Python session.
  Usage:
    exec(open('c6_beautiful_plots.py').read())
  or import and call:
    from c6_beautiful_plots import generate_all_beautiful_plots
    figs = generate_all_beautiful_plots(all_summaries)
    plt.show()

  'all_summaries' not found in scope. Loading from outputs/ ...

  Loaded 4 summaries from outputs

  Generating beautiful plots for IEEE118 ...
/home/psquarlab4/Desktop/teb1/charts.py:576: UserWarning: This figure includes Axes that are not compatible with tight_layout, so results might be incorrect.
  plt.tight_layout()
/home/psquarlab4/Desktop/teb1/charts.py:1211: UserWarning: This figure includes Axes that are not compatible with tight_layout, so results might be incorrect.
  plt.tight_layout(rect=[0, 0, 1, 0.95])

  Generating beautiful plots for IEEE30 ...
/home/psquarlab4/Desktop/teb1/charts.py:576: UserWarning: This figure includes Axes that are not compatible with tight_layout, so results might be incorrect.
  plt.tight_layout()
/home/psquarlab4/Desktop/teb1/charts.py:1211: UserWarning: This figure includes Axes that are not compatible with tight_layout, so results might be incorrect.
  plt.tight_layout(rect=[0, 0, 1, 0.95])

  Generating beautiful plots for IEEE300 ...
/home/psquarlab4/Desktop/teb1/charts.py:576: UserWarning: This figure includes Axes that are not compatible with tight_layout, so results might be incorrect.
  plt.tight_layout()
/home/psquarlab4/Desktop/teb1/charts.py:1211: UserWarning: This figure includes Axes that are not compatible with tight_layout, so results might be incorrect.
  plt.tight_layout(rect=[0, 0, 1, 0.95])

  Generating beautiful plots for IEEE39 ...
/home/psquarlab4/Desktop/teb1/charts.py:576: UserWarning: This figure includes Axes that are not compatible with tight_layout, so results might be incorrect.
  plt.tight_layout()
/home/psquarlab4/Desktop/teb1/charts.py:1211: UserWarning: This figure includes Axes that are not compatible with tight_layout, so results might be incorrect.
  plt.tight_layout(rect=[0, 0, 1, 0.95])
  Generating cross-case comparison ...

  Saved 47 chart files under outputs/
  Generated 0 in-memory figures.
[run_teb] Completed at Sun May 24 05:12:04 PM IST 2026
[run_teb] Outputs saved under: /home/psquarlab4/Desktop/teb1/outputs
